// Jest Snapshot v1, https://goo.gl/fbAQLP

exports[`matches snapshot 1`] = `
<DocumentFragment>
  <div
    class="ColoredCircles"
  >
    <div
      class="ButtonColor"
    >
      <button>
        cornflowerblue
      </button>
      <button>
        yellow
      </button>
    </div>
  </div>
</DocumentFragment>
`;
