// Jest Snapshot v1, https://goo.gl/fbAQLP

exports[`matches snapshot 1`] = `
<DocumentFragment>
  <h1>
     Counter is at : 1
  </h1>
  <button>
    +
  </button>
  <button>
    +2
  </button>
</DocumentFragment>
`;
